TAP version 13
# Subtest: review budget keeps the default and bounds the explicit workflow-call option
not ok 1 - review budget keeps the default and bounds the explicit workflow-call option
  ---
  duration_ms: 1.248557
  type: 'test'
  location: '/home/err/spaces/foresight/.worktrees/eta-mu-truth-review-timeout-budget/.github/scripts/opencode-code-review-workflow.test.mjs:167:1'
  failureType: 'testCodeFailure'
  error: 'missing reusable review budget input'
  code: 'ERR_ASSERTION'
  name: 'AssertionError'
  expected: true
  operator: '=='
  stack: |-
    TestContext.<anonymous> (file:///home/err/spaces/foresight/.worktrees/eta-mu-truth-review-timeout-budget/.github/scripts/opencode-code-review-workflow.test.mjs:169:10)
    Test.runInAsyncScope (node:async_hooks:214:14)
    Test.run (node:internal/test_runner/test:1047:25)
    Test.start (node:internal/test_runner/test:944:17)
    startSubtestAfterBootstrap (node:internal/test_runner/harness:296:17)
  ...
# Subtest: review budget actual admission accepts direct PR, default, and explicit choices
not ok 2 - review budget actual admission accepts direct PR, default, and explicit choices
  ---
  duration_ms: 0.199214
  type: 'test'
  location: '/home/err/spaces/foresight/.worktrees/eta-mu-truth-review-timeout-budget/.github/scripts/opencode-code-review-workflow.test.mjs:184:1'
  failureType: 'testCodeFailure'
  error: 'missing review step: Validate review job budget'
  code: 'ERR_ASSERTION'
  name: 'AssertionError'
  expected: true
  operator: '=='
  stack: |-
    namedStep (file:///home/err/spaces/foresight/.worktrees/eta-mu-truth-review-timeout-budget/.github/scripts/opencode-code-review-workflow.test.mjs:31:10)
    TestContext.<anonymous> (file:///home/err/spaces/foresight/.worktrees/eta-mu-truth-review-timeout-budget/.github/scripts/opencode-code-review-workflow.test.mjs:185:17)
    Test.runInAsyncScope (node:async_hooks:214:14)
    Test.run (node:internal/test_runner/test:1047:25)
    Test.processPendingSubtests (node:internal/test_runner/test:744:18)
    Test.postRun (node:internal/test_runner/test:1173:19)
    Test.run (node:internal/test_runner/test:1101:12)
    async startSubtestAfterBootstrap (node:internal/test_runner/harness:296:3)
  ...
# Subtest: review budget actual admission rejects unsupported values before checkout or provider
not ok 3 - review budget actual admission rejects unsupported values before checkout or provider
  ---
  duration_ms: 0.196974
  type: 'test'
  location: '/home/err/spaces/foresight/.worktrees/eta-mu-truth-review-timeout-budget/.github/scripts/opencode-code-review-workflow.test.mjs:197:1'
  failureType: 'testCodeFailure'
  error: 'missing review step: Validate review job budget'
  code: 'ERR_ASSERTION'
  name: 'AssertionError'
  expected: true
  operator: '=='
  stack: |-
    namedStep (file:///home/err/spaces/foresight/.worktrees/eta-mu-truth-review-timeout-budget/.github/scripts/opencode-code-review-workflow.test.mjs:31:10)
    TestContext.<anonymous> (file:///home/err/spaces/foresight/.worktrees/eta-mu-truth-review-timeout-budget/.github/scripts/opencode-code-review-workflow.test.mjs:198:17)
    Test.runInAsyncScope (node:async_hooks:214:14)
    Test.run (node:internal/test_runner/test:1047:25)
    Test.processPendingSubtests (node:internal/test_runner/test:744:18)
    Test.postRun (node:internal/test_runner/test:1173:19)
    Test.run (node:internal/test_runner/test:1101:12)
    async Test.processPendingSubtests (node:internal/test_runner/test:744:7)
  ...
1..3
# tests 3
# suites 0
# pass 0
# fail 3
# cancelled 0
# skipped 0
# todo 0
# duration_ms 258.211277
